
> messagepay-app@0.1.0 preview
> node tools/preview.mjs

[1/3] 내장 데이터베이스 기동 (기존 데이터 사용)
      준비 완료 (127.0.0.1:5434)
[2/3] 스키마 및 시드 데이터 확인
[준비] 데이터베이스 마이그레이션을 확인합니다.
Datasource "db": PostgreSQL database "postgres", schema "public" at "127.0.0.1:5434"

42 migrations found in prisma/migrations

Applying migration `20260901120000_settlement_request_charges`

The following migration(s) have been applied:

migrations/
  └─ 20260901120000_settlement_request_charges/
    └─ migration.sql

All migrations have been successfully applied.
[준비] 기존 미리보기 데이터를 사용합니다. (크리에이터 2명)
[3/4] 이전 빌드 결과를 재사용합니다
[4/4] 서버 시작 (http://localhost:3030)
▲ Next.js 16.3.1
- Local:         http://localhost:3030
- Network:       http://172.30.1.46:3030
✓ Ready in 328ms
✓ Running next.config.ts took 52ms
[env] APP_ENV=local / NODE_ENV=production 로 기동합니다.
{"ts":"2026-09-02T02:07:24.231Z","level":"info","message":"Redis 재시도 — 인메모리 폴백을 해제합니다."}
{"ts":"2026-09-02T02:07:54.660Z","level":"info","message":"Redis 재시도 — 인메모리 폴백을 해제합니다."}
{"ts":"2026-09-02T02:08:25.121Z","level":"info","message":"Redis 재시도 — 인메모리 폴백을 해제합니다."}
{"ts":"2026-09-02T02:08:55.527Z","level":"info","message":"Redis 재시도 — 인메모리 폴백을 해제합니다."}
{"ts":"2026-09-02T02:09:25.943Z","level":"info","message":"Redis 재시도 — 인메모리 폴백을 해제합니다."}
